[2023-11-30T13:07:43.344+0200][info][gc] Using G1
[2023-11-30T13:07:47.191+0200][info][gc] GC(0) Pause Young (Normal) (G1 Evacuation Pause) 4M->2M(12M) 9.517ms
[2023-11-30T13:07:47.270+0200][info][gc] GC(1) Pause Young (Normal) (G1 Evacuation Pause) 3M->2M(12M) 7.227ms
[2023-11-30T13:07:47.344+0200][info][gc] GC(2) Pause Young (Normal) (G1 Evacuation Pause) 3M->2M(12M) 3.082ms
[2023-11-30T13:07:47.435+0200][info][gc] GC(3) Pause Young (Normal) (G1 Evacuation Pause) 4M->2M(12M) 1.917ms
[2023-11-30T13:07:47.540+0200][info][gc] GC(4) Pause Young (Normal) (G1 Evacuation Pause) 4M->3M(12M) 3.448ms
[2023-11-30T13:07:47.587+0200][info][gc] GC(5) Pause Young (Normal) (G1 Evacuation Pause) 5M->4M(12M) 5.077ms
[2023-11-30T13:07:47.632+0200][info][gc] GC(6) Pause Young (Normal) (G1 Evacuation Pause) 6M->4M(12M) 3.834ms
[2023-11-30T13:07:48.738+0200][info][gc] GC(7) Pause Young (Normal) (G1 Evacuation Pause) 6M->4M(12M) 3.429ms
[2023-11-30T13:07:49.033+0200][info][gc] GC(8) Pause Young (Normal) (G1 Evacuation Pause) 6M->4M(12M) 4.744ms
[2023-11-30T13:07:49.411+0200][info][gc] GC(9) Pause Young (Normal) (G1 Evacuation Pause) 6M->4M(12M) 5.005ms
[2023-11-30T13:07:50.498+0200][info][gc] GC(10) Pause Young (Normal) (G1 Evacuation Pause) 5M->5M(12M) 8.349ms
[2023-11-30T13:07:59.503+0200][info][gc] GC(11) Pause Young (Normal) (G1 Evacuation Pause) 7M->5M(12M) 8.452ms
[2023-11-30T13:08:16.549+0200][info][gc] GC(12) Pause Young (Normal) (G1 Evacuation Pause) 7M->5M(12M) 5.960ms
[2023-11-30T13:08:34.554+0200][info][gc] GC(13) Pause Young (Normal) (G1 Evacuation Pause) 7M->5M(12M) 4.138ms
[2023-11-30T13:08:37.115+0200][info][gc] GC(14) Pause Young (Concurrent Start) (G1 Humongous Allocation) 5M->5M(12M) 2.898ms
[2023-11-30T13:08:37.115+0200][info][gc] GC(15) Concurrent Undo Cycle
[2023-11-30T13:08:37.116+0200][info][gc] GC(15) Concurrent Undo Cycle 0.454ms
[2023-11-30T13:09:04.565+0200][info][gc] GC(16) Pause Young (Normal) (G1 Evacuation Pause) 9M->6M(12M) 4.649ms
[2023-11-30T13:09:23.584+0200][info][gc] GC(17) Pause Young (Concurrent Start) (G1 Evacuation Pause) 8M->6M(12M) 4.545ms
[2023-11-30T13:09:23.584+0200][info][gc] GC(18) Concurrent Mark Cycle
[2023-11-30T13:09:23.622+0200][info][gc] GC(18) Pause Remark 6M->6M(12M) 12.197ms
[2023-11-30T13:09:23.636+0200][info][gc] GC(18) Pause Cleanup 6M->6M(12M) 0.136ms
[2023-11-30T13:09:23.636+0200][info][gc] GC(18) Concurrent Mark Cycle 51.706ms
[2023-11-30T13:09:42.539+0200][info][gc] GC(19) Pause Young (Prepare Mixed) (G1 Evacuation Pause) 8M->6M(12M) 7.594ms
[2023-11-30T13:09:45.554+0200][info][gc] GC(20) Pause Young (Mixed) (G1 Evacuation Pause) 8M->6M(12M) 4.853ms
[2023-11-30T13:09:45.562+0200][info][gc] GC(21) Pause Young (Concurrent Start) (G1 Evacuation Pause) 7M->6M(12M) 2.749ms
[2023-11-30T13:09:45.562+0200][info][gc] GC(22) Concurrent Mark Cycle
[2023-11-30T13:09:45.600+0200][info][gc] GC(23) Pause Young (Normal) (G1 Evacuation Pause) 7M->6M(12M) 5.778ms
[2023-11-30T13:09:45.612+0200][info][gc] GC(22) Pause Remark 6M->6M(12M) 10.008ms
[2023-11-30T13:09:45.634+0200][info][gc] GC(22) Pause Cleanup 7M->7M(12M) 0.230ms
[2023-11-30T13:09:45.634+0200][info][gc] GC(22) Concurrent Mark Cycle 72.651ms
[2023-11-30T13:09:45.661+0200][info][gc] GC(24) Pause Young (Normal) (G1 Evacuation Pause) 7M->6M(12M) 3.973ms
[2023-11-30T13:09:45.705+0200][info][gc] GC(25) Pause Young (Concurrent Start) (G1 Evacuation Pause) 7M->6M(12M) 5.182ms
[2023-11-30T13:09:45.705+0200][info][gc] GC(26) Concurrent Mark Cycle
[2023-11-30T13:09:45.734+0200][info][gc] GC(27) Pause Young (Normal) (G1 Evacuation Pause) 7M->6M(12M) 4.319ms
[2023-11-30T13:09:45.754+0200][info][gc] GC(26) Pause Remark 7M->7M(12M) 5.480ms
[2023-11-30T13:09:45.763+0200][info][gc] GC(28) Pause Young (Normal) (G1 Evacuation Pause) 7M->6M(12M) 1.860ms
[2023-11-30T13:09:45.765+0200][info][gc] GC(26) Pause Cleanup 7M->7M(12M) 0.061ms
[2023-11-30T13:09:45.765+0200][info][gc] GC(26) Concurrent Mark Cycle 59.131ms
[2023-11-30T13:09:45.768+0200][info][gc] GC(29) Pause Young (Normal) (G1 Evacuation Pause) 7M->6M(12M) 1.800ms
[2023-11-30T13:09:45.772+0200][info][gc] GC(30) Pause Young (Concurrent Start) (G1 Evacuation Pause) 7M->6M(12M) 1.973ms
[2023-11-30T13:09:45.772+0200][info][gc] GC(31) Concurrent Mark Cycle
[2023-11-30T13:09:45.775+0200][info][gc] GC(32) Pause Young (Normal) (G1 Evacuation Pause) 7M->6M(12M) 1.280ms
[2023-11-30T13:09:45.779+0200][info][gc] GC(33) Pause Young (Normal) (G1 Evacuation Pause) 7M->6M(12M) 1.033ms
[2023-11-30T13:09:45.783+0200][info][gc] GC(34) Pause Young (Normal) (G1 Evacuation Pause) 7M->6M(12M) 0.879ms
[2023-11-30T13:09:45.787+0200][info][gc] GC(35) Pause Young (Normal) (G1 Evacuation Pause) 7M->6M(12M) 1.224ms
[2023-11-30T13:09:45.794+0200][info][gc] GC(31) Pause Remark 7M->7M(12M) 4.496ms
[2023-11-30T13:09:45.796+0200][info][gc] GC(36) Pause Young (Normal) (G1 Evacuation Pause) 7M->6M(12M) 0.877ms
[2023-11-30T13:09:45.800+0200][info][gc] GC(37) Pause Young (Normal) (G1 Evacuation Pause) 7M->6M(12M) 0.911ms
[2023-11-30T13:09:45.803+0200][info][gc] GC(31) Pause Cleanup 7M->7M(12M) 0.062ms
[2023-11-30T13:09:45.804+0200][info][gc] GC(31) Concurrent Mark Cycle 32.045ms
[2023-11-30T13:09:45.804+0200][info][gc] GC(38) Pause Young (Normal) (G1 Evacuation Pause) 7M->6M(12M) 0.721ms
[2023-11-30T13:09:45.808+0200][info][gc] GC(39) Pause Young (Concurrent Start) (G1 Evacuation Pause) 7M->6M(12M) 0.894ms
[2023-11-30T13:09:45.808+0200][info][gc] GC(40) Concurrent Mark Cycle
[2023-11-30T13:09:45.812+0200][info][gc] GC(41) Pause Young (Normal) (G1 Evacuation Pause) 7M->7M(12M) 0.712ms
[2023-11-30T13:09:45.814+0200][info][gc] GC(42) Pause Young (Normal) (G1 Evacuation Pause) 8M->7M(12M) 0.658ms
[2023-11-30T13:09:45.817+0200][info][gc] GC(43) Pause Young (Normal) (G1 Evacuation Pause) 8M->7M(12M) 0.603ms
[2023-11-30T13:09:45.820+0200][info][gc] GC(44) Pause Young (Normal) (G1 Evacuation Pause) 8M->7M(12M) 0.856ms
[2023-11-30T13:09:45.831+0200][info][gc] GC(40) Pause Remark 8M->8M(12M) 6.450ms
[2023-11-30T13:09:45.834+0200][info][gc] GC(45) Pause Young (Normal) (G1 Evacuation Pause) 8M->7M(12M) 0.760ms
[2023-11-30T13:09:45.843+0200][info][gc] GC(46) Pause Young (Normal) (G1 Evacuation Pause) 8M->7M(12M) 0.810ms
[2023-11-30T13:09:45.843+0200][info][gc] GC(40) Pause Cleanup 7M->7M(12M) 0.043ms
[2023-11-30T13:09:45.843+0200][info][gc] GC(40) Concurrent Mark Cycle 34.900ms
[2023-11-30T13:09:45.847+0200][info][gc] GC(47) Pause Young (Normal) (G1 Evacuation Pause) 8M->7M(12M) 0.806ms
[2023-11-30T13:09:45.850+0200][info][gc] GC(48) Pause Young (Concurrent Start) (G1 Evacuation Pause) 8M->7M(12M) 0.929ms
[2023-11-30T13:09:45.850+0200][info][gc] GC(49) Concurrent Mark Cycle
[2023-11-30T13:09:45.854+0200][info][gc] GC(50) Pause Young (Normal) (G1 Evacuation Pause) 8M->7M(12M) 0.798ms
[2023-11-30T13:09:45.857+0200][info][gc] GC(51) Pause Young (Normal) (G1 Evacuation Pause) 7M->7M(12M) 0.822ms
[2023-11-30T13:09:45.873+0200][info][gc] GC(49) Pause Remark 8M->8M(12M) 3.465ms
[2023-11-30T13:09:45.879+0200][info][gc] GC(49) Pause Cleanup 8M->8M(12M) 0.074ms
[2023-11-30T13:09:45.879+0200][info][gc] GC(49) Concurrent Mark Cycle 27.610ms
[2023-11-30T13:09:50.612+0200][info][gc] GC(52) Pause Young (Normal) (G1 Evacuation Pause) 9M->5M(12M) 2.718ms
[2023-11-30T13:10:09.636+0200][info][gc] GC(53) Pause Young (Concurrent Start) (G1 Evacuation Pause) 7M->5M(12M) 3.478ms
[2023-11-30T13:10:09.636+0200][info][gc] GC(54) Concurrent Mark Cycle
[2023-11-30T13:10:09.703+0200][info][gc] GC(54) Pause Remark 5M->5M(12M) 16.779ms
[2023-11-30T13:10:09.725+0200][info][gc] GC(54) Pause Cleanup 5M->5M(12M) 0.159ms
[2023-11-30T13:10:09.725+0200][info][gc] GC(54) Concurrent Mark Cycle 88.848ms
[2023-11-30T13:10:27.561+0200][info][gc] GC(55) Pause Young (Normal) (G1 Evacuation Pause) 7M->5M(12M) 3.331ms
[2023-11-30T13:10:30.167+0200][info][gc] GC(56) Pause Young (Concurrent Start) (G1 Humongous Allocation) 6M->5M(12M) 2.007ms
[2023-11-30T13:10:30.167+0200][info][gc] GC(57) Concurrent Mark Cycle
[2023-11-30T13:10:30.193+0200][info][gc] GC(57) Pause Remark 6M->6M(12M) 4.767ms
[2023-11-30T13:10:30.207+0200][info][gc] GC(57) Pause Cleanup 6M->6M(12M) 0.298ms
[2023-11-30T13:10:30.207+0200][info][gc] GC(57) Concurrent Mark Cycle 40.342ms
[2023-11-30T13:10:48.668+0200][info][gc] GC(58) Pause Young (Normal) (G1 Evacuation Pause) 8M->5M(12M) 3.046ms
[2023-11-30T13:11:08.680+0200][info][gc] GC(59) Pause Young (Concurrent Start) (G1 Evacuation Pause) 7M->5M(12M) 3.765ms
[2023-11-30T13:11:08.680+0200][info][gc] GC(60) Concurrent Mark Cycle
[2023-11-30T13:11:08.722+0200][info][gc] GC(60) Pause Remark 5M->5M(12M) 8.672ms
[2023-11-30T13:11:08.737+0200][info][gc] GC(60) Pause Cleanup 5M->5M(12M) 0.243ms
[2023-11-30T13:11:08.738+0200][info][gc] GC(60) Concurrent Mark Cycle 56.825ms
[2023-11-30T13:11:27.701+0200][info][gc] GC(61) Pause Young (Normal) (G1 Evacuation Pause) 7M->5M(12M) 4.307ms
[2023-11-30T13:11:31.247+0200][info][gc] GC(62) Pause Young (Concurrent Start) (G1 Humongous Allocation) 6M->5M(12M) 1.893ms
[2023-11-30T13:11:31.247+0200][info][gc] GC(63) Concurrent Mark Cycle
[2023-11-30T13:11:31.277+0200][info][gc] GC(63) Pause Remark 6M->6M(12M) 5.669ms
[2023-11-30T13:11:31.293+0200][info][gc] GC(63) Pause Cleanup 6M->6M(12M) 0.314ms
[2023-11-30T13:11:31.294+0200][info][gc] GC(63) Concurrent Mark Cycle 46.330ms
[2023-11-30T13:11:50.713+0200][info][gc] GC(64) Pause Young (Normal) (G1 Evacuation Pause) 8M->6M(12M) 1.750ms
[2023-11-30T13:11:59.724+0200][info][gc] GC(65) Pause Young (Concurrent Start) (G1 Evacuation Pause) 7M->6M(12M) 1.626ms
[2023-11-30T13:11:59.724+0200][info][gc] GC(66) Concurrent Mark Cycle
[2023-11-30T13:11:59.751+0200][info][gc] GC(66) Pause Remark 6M->6M(12M) 4.676ms
[2023-11-30T13:11:59.758+0200][info][gc] GC(66) Pause Cleanup 6M->6M(12M) 0.151ms
[2023-11-30T13:11:59.758+0200][info][gc] GC(66) Concurrent Mark Cycle 34.281ms
[2023-11-30T13:12:09.734+0200][info][gc] GC(67) Pause Young (Normal) (G1 Evacuation Pause) 7M->6M(12M) 1.117ms
[2023-11-30T13:12:19.644+0200][info][gc] GC(68) Pause Young (Concurrent Start) (G1 Evacuation Pause) 7M->6M(12M) 1.165ms
[2023-11-30T13:12:19.644+0200][info][gc] GC(69) Concurrent Mark Cycle
[2023-11-30T13:12:19.663+0200][info][gc] GC(69) Pause Remark 6M->6M(12M) 5.380ms
[2023-11-30T13:12:19.668+0200][info][gc] GC(69) Pause Cleanup 6M->6M(12M) 0.117ms
[2023-11-30T13:12:19.669+0200][info][gc] GC(69) Concurrent Mark Cycle 24.515ms
[2023-11-30T13:12:25.754+0200][info][gc] GC(70) Pause Young (Normal) (G1 Evacuation Pause) 7M->6M(12M) 2.234ms
[2023-11-30T13:12:35.654+0200][info][gc] GC(71) Pause Young (Concurrent Start) (G1 Evacuation Pause) 7M->6M(12M) 1.112ms
[2023-11-30T13:12:35.654+0200][info][gc] GC(72) Concurrent Mark Cycle
[2023-11-30T13:12:35.668+0200][info][gc] GC(72) Pause Remark 6M->6M(12M) 3.079ms
[2023-11-30T13:12:35.674+0200][info][gc] GC(72) Pause Cleanup 6M->6M(12M) 0.065ms
[2023-11-30T13:12:35.674+0200][info][gc] GC(72) Concurrent Mark Cycle 19.073ms
[2023-11-30T13:12:44.775+0200][info][gc] GC(73) Pause Young (Normal) (G1 Evacuation Pause) 7M->6M(12M) 1.321ms
[2023-11-30T13:12:53.785+0200][info][gc] GC(74) Pause Young (Concurrent Start) (G1 Evacuation Pause) 7M->6M(12M) 1.377ms
[2023-11-30T13:12:53.785+0200][info][gc] GC(75) Concurrent Mark Cycle
[2023-11-30T13:12:53.800+0200][info][gc] GC(75) Pause Remark 7M->7M(12M) 3.522ms
[2023-11-30T13:12:53.807+0200][info][gc] GC(75) Pause Cleanup 7M->7M(12M) 0.060ms
[2023-11-30T13:12:53.807+0200][info][gc] GC(75) Concurrent Mark Cycle 21.365ms
[2023-11-30T13:13:03.670+0200][info][gc] GC(76) Pause Young (Normal) (G1 Evacuation Pause) 7M->6M(12M) 1.838ms
[2023-11-30T13:13:12.806+0200][info][gc] GC(77) Pause Young (Concurrent Start) (G1 Evacuation Pause) 7M->6M(12M) 1.680ms
[2023-11-30T13:13:12.806+0200][info][gc] GC(78) Concurrent Mark Cycle
[2023-11-30T13:13:12.831+0200][info][gc] GC(78) Pause Remark 6M->6M(12M) 5.308ms
[2023-11-30T13:13:12.839+0200][info][gc] GC(78) Pause Cleanup 6M->6M(12M) 0.088ms
[2023-11-30T13:13:12.839+0200][info][gc] GC(78) Concurrent Mark Cycle 32.792ms
[2023-11-30T13:13:22.680+0200][info][gc] GC(79) Pause Young (Normal) (G1 Evacuation Pause) 7M->6M(12M) 1.697ms
[2023-11-30T13:13:31.827+0200][info][gc] GC(80) Pause Young (Concurrent Start) (G1 Evacuation Pause) 7M->6M(12M) 1.838ms
[2023-11-30T13:13:31.827+0200][info][gc] GC(81) Concurrent Mark Cycle
[2023-11-30T13:13:31.857+0200][info][gc] GC(81) Pause Remark 6M->6M(12M) 7.497ms
[2023-11-30T13:13:31.868+0200][info][gc] GC(81) Pause Cleanup 6M->6M(12M) 0.112ms
[2023-11-30T13:13:31.869+0200][info][gc] GC(81) Concurrent Mark Cycle 41.665ms
[2023-11-30T13:13:39.835+0200][info][gc] GC(82) Pause Young (Normal) (G1 Evacuation Pause) 7M->6M(12M) 1.671ms
[2023-11-30T13:13:49.703+0200][info][gc] GC(83) Pause Young (Concurrent Start) (G1 Evacuation Pause) 7M->6M(12M) 2.286ms
[2023-11-30T13:13:49.703+0200][info][gc] GC(84) Concurrent Mark Cycle
[2023-11-30T13:13:49.730+0200][info][gc] GC(84) Pause Remark 6M->6M(12M) 5.141ms
[2023-11-30T13:13:49.741+0200][info][gc] GC(84) Pause Cleanup 6M->6M(12M) 0.142ms
[2023-11-30T13:13:49.742+0200][info][gc] GC(84) Concurrent Mark Cycle 38.405ms
[2023-11-30T13:13:58.855+0200][info][gc] GC(85) Pause Young (Normal) (G1 Evacuation Pause) 7M->6M(12M) 1.932ms
[2023-11-30T13:14:08.929+0200][info][gc] GC(86) Pause Young (Concurrent Start) (G1 Evacuation Pause) 7M->6M(12M) 1.674ms
[2023-11-30T13:14:08.930+0200][info][gc] GC(87) Concurrent Mark Cycle
[2023-11-30T13:14:08.957+0200][info][gc] GC(87) Pause Remark 7M->7M(12M) 5.043ms
[2023-11-30T13:14:08.969+0200][info][gc] GC(87) Pause Cleanup 7M->7M(12M) 0.091ms
[2023-11-30T13:14:08.969+0200][info][gc] GC(87) Concurrent Mark Cycle 39.529ms
[2023-11-30T13:14:17.938+0200][info][gc] GC(88) Pause Young (Normal) (G1 Evacuation Pause) 7M->6M(12M) 2.060ms
[2023-11-30T13:14:27.945+0200][info][gc] GC(89) Pause Young (Concurrent Start) (G1 Evacuation Pause) 7M->6M(12M) 1.692ms
[2023-11-30T13:14:27.945+0200][info][gc] GC(90) Concurrent Mark Cycle
[2023-11-30T13:14:27.972+0200][info][gc] GC(90) Pause Remark 7M->7M(12M) 4.819ms
[2023-11-30T13:14:27.980+0200][info][gc] GC(90) Pause Cleanup 7M->7M(12M) 0.183ms
[2023-11-30T13:14:27.980+0200][info][gc] GC(90) Concurrent Mark Cycle 35.279ms
[2023-11-30T13:14:37.733+0200][info][gc] GC(91) Pause Young (Normal) (G1 Evacuation Pause) 7M->6M(12M) 1.146ms
[2023-11-30T13:14:46.960+0200][info][gc] GC(92) Pause Young (Concurrent Start) (G1 Evacuation Pause) 7M->6M(12M) 1.380ms
[2023-11-30T13:14:46.960+0200][info][gc] GC(93) Concurrent Mark Cycle
[2023-11-30T13:14:46.973+0200][info][gc] GC(93) Pause Remark 7M->7M(12M) 2.901ms
[2023-11-30T13:14:46.980+0200][info][gc] GC(93) Pause Cleanup 7M->7M(12M) 0.057ms
[2023-11-30T13:14:46.981+0200][info][gc] GC(93) Concurrent Mark Cycle 19.675ms
[2023-11-30T13:14:56.969+0200][info][gc] GC(94) Pause Young (Normal) (G1 Evacuation Pause) 7M->6M(12M) 1.842ms
[2023-11-30T13:15:05.979+0200][info][gc] GC(95) Pause Young (Concurrent Start) (G1 Evacuation Pause) 7M->6M(12M) 1.157ms
[2023-11-30T13:15:05.979+0200][info][gc] GC(96) Concurrent Mark Cycle
[2023-11-30T13:15:06.000+0200][info][gc] GC(96) Pause Remark 6M->6M(12M) 4.726ms
[2023-11-30T13:15:06.009+0200][info][gc] GC(96) Pause Cleanup 6M->6M(12M) 0.170ms
[2023-11-30T13:15:06.009+0200][info][gc] GC(96) Concurrent Mark Cycle 30.815ms
[2023-11-30T13:15:15.985+0200][info][gc] GC(97) Pause Young (Normal) (G1 Evacuation Pause) 7M->6M(12M) 1.470ms
[2023-11-30T13:15:25.763+0200][info][gc] GC(98) Pause Young (Concurrent Start) (G1 Evacuation Pause) 7M->5M(12M) 3.112ms
[2023-11-30T13:15:25.763+0200][info][gc] GC(99) Concurrent Mark Cycle
[2023-11-30T13:15:25.813+0200][info][gc] GC(99) Pause Remark 6M->6M(12M) 18.019ms
[2023-11-30T13:15:25.830+0200][info][gc] GC(99) Pause Cleanup 6M->6M(12M) 0.255ms
[2023-11-30T13:15:25.831+0200][info][gc] GC(99) Concurrent Mark Cycle 67.571ms
[2023-11-30T13:15:42.017+0200][info][gc] GC(100) Pause Young (Normal) (G1 Evacuation Pause) 7M->6M(12M) 4.137ms
[2023-11-30T13:16:01.042+0200][info][gc] GC(101) Pause Young (Concurrent Start) (G1 Evacuation Pause) 8M->5M(12M) 3.062ms
[2023-11-30T13:16:01.042+0200][info][gc] GC(102) Concurrent Mark Cycle
[2023-11-30T13:16:01.078+0200][info][gc] GC(102) Pause Remark 6M->6M(12M) 11.883ms
[2023-11-30T13:16:01.092+0200][info][gc] GC(102) Pause Cleanup 6M->6M(12M) 0.084ms
[2023-11-30T13:16:01.092+0200][info][gc] GC(102) Concurrent Mark Cycle 50.017ms
[2023-11-30T13:16:21.053+0200][info][gc] GC(103) Pause Young (Normal) (G1 Evacuation Pause) 7M->6M(12M) 3.525ms
