[2023-11-30T13:30:29.692+0200][info][gc] Using The Z Garbage Collector
[2023-11-30T13:30:29.984+0200][info][gc] GC(0) Garbage Collection (Warmup) 4M(12%)->4M(12%)
[2023-11-30T13:30:34.011+0200][info][gc] GC(1) Garbage Collection (Warmup) 8M(25%)->6M(19%)
[2023-11-30T13:30:34.246+0200][info][gc] GC(2) Garbage Collection (Warmup) 10M(31%)->10M(31%)
[2023-11-30T13:30:34.384+0200][info][gc] GC(3) Garbage Collection (Allocation Rate) 14M(44%)->8M(25%)
[2023-11-30T13:30:39.323+0200][info][gc] GC(4) Garbage Collection (Proactive) 16M(50%)->10M(31%)
[2023-11-30T13:31:01.764+0200][info][gc] GC(5) Garbage Collection (Proactive) 14M(44%)->8M(25%)
[2023-11-30T13:31:10.878+0200][info][gc] GC(6) Garbage Collection (Proactive) 12M(38%)->8M(25%)
[2023-11-30T13:31:37.846+0200][info][gc] GC(7) Garbage Collection (Proactive) 12M(38%)->6M(19%)
[2023-11-30T13:31:46.025+0200][info][gc] GC(8) Garbage Collection (Proactive) 10M(31%)->8M(25%)
[2023-11-30T13:31:55.941+0200][info][gc] GC(9) Garbage Collection (Proactive) 12M(38%)->8M(25%)
[2023-11-30T13:32:06.837+0200][info][gc] GC(10) Garbage Collection (Proactive) 12M(38%)->10M(31%)
[2023-11-30T13:32:10.693+0200][info][gc] GC(11) Garbage Collection (Allocation Rate) 20M(62%)->22M(69%)
[2023-11-30T13:32:10.744+0200][info][gc] Allocation Stall (RMI TCP Connection(1)-172.16.118.13) 1.815ms
[2023-11-30T13:32:10.744+0200][info][gc] Allocation Stall (main) 27.509ms
[2023-11-30T13:32:10.751+0200][info][gc] GC(12) Garbage Collection (Allocation Stall) 32M(100%)->18M(56%)
[2023-11-30T13:32:10.799+0200][info][gc] GC(13) Garbage Collection (Allocation Stall) 18M(56%)->18M(56%)
[2023-11-30T13:32:10.914+0200][info][gc] GC(14) Garbage Collection (Allocation Rate) 18M(56%)->8M(25%)
[2023-11-30T13:32:11.013+0200][info][gc] GC(15) Garbage Collection (Allocation Rate) 8M(25%)->8M(25%)
[2023-11-30T13:32:11.116+0200][info][gc] GC(16) Garbage Collection (Allocation Rate) 8M(25%)->8M(25%)
[2023-11-30T13:32:11.211+0200][info][gc] GC(17) Garbage Collection (Allocation Rate) 8M(25%)->8M(25%)
[2023-11-30T13:32:11.316+0200][info][gc] GC(18) Garbage Collection (Allocation Rate) 8M(25%)->8M(25%)
[2023-11-30T13:32:11.434+0200][info][gc] GC(19) Garbage Collection (Allocation Rate) 8M(25%)->8M(25%)
[2023-11-30T13:32:11.518+0200][info][gc] GC(20) Garbage Collection (Allocation Rate) 8M(25%)->8M(25%)
[2023-11-30T13:32:11.914+0200][info][gc] GC(21) Garbage Collection (Allocation Rate) 10M(31%)->8M(25%)
[2023-11-30T13:32:12.001+0200][info][gc] GC(22) Garbage Collection (Allocation Rate) 8M(25%)->8M(25%)
[2023-11-30T13:32:12.088+0200][info][gc] GC(23) Garbage Collection (Allocation Rate) 8M(25%)->8M(25%)
[2023-11-30T13:32:12.221+0200][info][gc] GC(24) Garbage Collection (Allocation Rate) 8M(25%)->8M(25%)
[2023-11-30T13:32:12.323+0200][info][gc] GC(25) Garbage Collection (Allocation Rate) 8M(25%)->8M(25%)
[2023-11-30T13:32:12.398+0200][info][gc] GC(26) Garbage Collection (Allocation Rate) 8M(25%)->8M(25%)
[2023-11-30T13:32:12.504+0200][info][gc] GC(27) Garbage Collection (Allocation Rate) 8M(25%)->8M(25%)
[2023-11-30T13:32:25.932+0200][info][gc] GC(28) Garbage Collection (Proactive) 12M(38%)->8M(25%)
[2023-11-30T13:32:39.933+0200][info][gc] GC(29) Garbage Collection (Proactive) 12M(38%)->8M(25%)
[2023-11-30T13:32:51.960+0200][info][gc] GC(30) Garbage Collection (Proactive) 12M(38%)->8M(25%)
[2023-11-30T13:33:02.688+0200][info][gc] GC(31) Garbage Collection (Proactive) 12M(38%)->10M(31%)
[2023-11-30T13:33:14.911+0200][info][gc] GC(32) Garbage Collection (Proactive) 14M(44%)->10M(31%)
[2023-11-30T13:33:27.823+0200][info][gc] GC(33) Garbage Collection (Proactive) 14M(44%)->10M(31%)
[2023-11-30T13:33:57.065+0200][info][gc] GC(34) Garbage Collection (Proactive) 14M(44%)->8M(25%)
[2023-11-30T13:34:05.585+0200][info][gc] GC(35) Garbage Collection (Proactive) 12M(38%)->10M(31%)
[2023-11-30T13:34:18.977+0200][info][gc] GC(36) Garbage Collection (Proactive) 14M(44%)->10M(31%)
[2023-11-30T13:34:33.871+0200][info][gc] GC(37) Garbage Collection (Proactive) 14M(44%)->10M(31%)
[2023-11-30T13:34:46.972+0200][info][gc] GC(38) Garbage Collection (Proactive) 14M(44%)->10M(31%)
[2023-11-30T13:34:59.891+0200][info][gc] GC(39) Garbage Collection (Proactive) 14M(44%)->10M(31%)
[2023-11-30T13:35:13.973+0200][info][gc] GC(40) Garbage Collection (Proactive) 14M(44%)->10M(31%)
[2023-11-30T13:35:28.885+0200][info][gc] GC(41) Garbage Collection (Proactive) 14M(44%)->10M(31%)
[2023-11-30T13:35:40.080+0200][info][gc] GC(42) Garbage Collection (Proactive) 14M(44%)->10M(31%)
[2023-11-30T13:35:55.081+0200][info][gc] GC(43) Garbage Collection (Proactive) 14M(44%)->10M(31%)
[2023-11-30T13:36:10.075+0200][info][gc] GC(44) Garbage Collection (Proactive) 14M(44%)->10M(31%)
[2023-11-30T13:36:23.092+0200][info][gc] GC(45) Garbage Collection (Proactive) 14M(44%)->10M(31%)
[2023-11-30T13:36:37.976+0200][info][gc] GC(46) Garbage Collection (Proactive) 14M(44%)->10M(31%)
[2023-11-30T13:36:52.196+0200][info][gc] GC(47) Garbage Collection (Proactive) 14M(44%)->10M(31%)
[2023-11-30T13:37:07.195+0200][info][gc] GC(48) Garbage Collection (Proactive) 14M(44%)->10M(31%)
[2023-11-30T13:37:20.257+0200][info][gc] GC(49) Garbage Collection (Proactive) 14M(44%)->8M(25%)
[2023-11-30T13:37:35.221+0200][info][gc] GC(7) Garbage Collection (Proactive) 12M(38%)->10M(31%)
